C:\ST\STM32CubeIDE_1.16.0\STM32CubeIDE\plugins\com.st.stm32cube.ide.mcu.externaltools.gnu-tools-for-stm32.12.3.rel1.win32_1.0.200.202406191623\tools\bin/../lib/gcc/arm-none-eabi/12.3.1/../../../../arm-none-eabi/include/c++/12.3.1/cmath:611:3:constexpr bool std::isnan(float)	24	static
C:\ST\STM32CubeIDE_1.16.0\STM32CubeIDE\plugins\com.st.stm32cube.ide.mcu.externaltools.gnu-tools-for-stm32.12.3.rel1.win32_1.0.200.202406191623\tools\bin/../lib/gcc/arm-none-eabi/12.3.1/../../../../arm-none-eabi/include/c++/12.3.1/cmath:1756:3:constexpr float std::round(float)	16	static
D:/stm32cube/Project1/SubGHz_Phy_PingPong/Core/Fanet/macaddr.h:23:2:MacAddr::MacAddr()	16	static
D:/stm32cube/Project1/SubGHz_Phy_PingPong/Core/Fanet/macaddr.h:24:2:MacAddr::MacAddr(const MacAddr&)	16	static
D:/stm32cube/Project1/SubGHz_Phy_PingPong/Core/Fanet/frame.h:77:2:Frame::Frame(MacAddr)	16	static
D:/stm32cube/Project1/SubGHz_Phy_PingPong/Core/Fanet/fmac.h:111:2:Fapp::Fapp()	16	static
D:/stm32cube/Project1/SubGHz_Phy_PingPong/Core/Fanet/fmac.h:112:10:Fapp::~Fapp()	16	static
D:/stm32cube/Project1/SubGHz_Phy_PingPong/Core/Fanet/fmac.h:112:10:virtual Fapp::~Fapp()	16	static
D:/stm32cube/Project1/SubGHz_Phy_PingPong/Core/Fanet/app.h:99:7:virtual void App::broadcast_successful(int)	16	static
D:/stm32cube/Project1/SubGHz_Phy_PingPong/Core/Fanet/app.h:102:7:virtual void App::handle_acked(bool, MacAddr&)	24	static
D:/stm32cube/Project1/SubGHz_Phy_PingPong/Core/Fanet/app.h:103:7:virtual void App::handle_frame(Frame*)	16	static
D:/stm32cube/Project1/SubGHz_Phy_PingPong/Core/Fanet/app.cpp:12:5:int App::serializeTracking(uint8_t*&)	72	static
D:/stm32cube/Project1/SubGHz_Phy_PingPong/Core/Fanet/app.cpp:79:5:int App::serializeGroundTracking(uint8_t*&)	16	static
D:/stm32cube/Project1/SubGHz_Phy_PingPong/Core/Fanet/app.cpp:92:6:void App::set(float, float, float, float, float, float, float, float)	24	static
D:/stm32cube/Project1/SubGHz_Phy_PingPong/Core/Fanet/app.cpp:115:6:virtual bool App::is_broadcast_ready(int)	32	static
D:/stm32cube/Project1/SubGHz_Phy_PingPong/Core/Fanet/app.cpp:133:8:virtual Frame* App::get_frame()	40	static
D:/stm32cube/Project1/SubGHz_Phy_PingPong/Core/Fanet/app.h:23:7:App::App()	16	static
D:/stm32cube/Project1/SubGHz_Phy_PingPong/Core/Fanet/constrain.h:13:10:const T& constrain(const T&, const T&, const T&) [with T = int]	24	static
D:/stm32cube/Project1/SubGHz_Phy_PingPong/Core/Fanet/app.h:23:7:App::~App()	16	static
D:/stm32cube/Project1/SubGHz_Phy_PingPong/Core/Fanet/app.h:23:7:virtual App::~App()	16	static
D:/stm32cube/Project1/SubGHz_Phy_PingPong/Core/Fanet/app.cpp:171:16:void __static_initialization_and_destruction_0(int, int)	16	static
D:/stm32cube/Project1/SubGHz_Phy_PingPong/Core/Fanet/app.cpp:171:16:cpp)	8	static
D:/stm32cube/Project1/SubGHz_Phy_PingPong/Core/Fanet/app.cpp:171:16:cpp)	8	static
