../../Drivers/CMSIS/Include/core_cm4.h:1933:34:void __NVIC_SystemReset()	4	static,ignoring_inline_asm
D:/stm32cube/Project1/SubGHz_Phy_PingPong/Core/Fanet/fmac.h:176:7:void FanetMac::handle()	16	static
D:/stm32cube/Project1/SubGHz_Phy_PingPong/Core/Fanet/app.h:105:7:void App::begin(Serial_Interface&)	16	static
D:/stm32cube/Project1/SubGHz_Phy_PingPong/Core/Fanet/fanet.cpp:30:6:void fanet_init(serial_t*)	16	static
D:/stm32cube/Project1/SubGHz_Phy_PingPong/Core/Fanet/fanet.cpp:53:6:void fanet_init_fake()	8	static
D:/stm32cube/Project1/SubGHz_Phy_PingPong/Core/Fanet/fanet.cpp:75:6:void fanet_sx_int()	4	static
D:/stm32cube/Project1/SubGHz_Phy_PingPong/Core/Fanet/fanet.cpp:80:6:void fanet_pps_int()	4	static
D:/stm32cube/Project1/SubGHz_Phy_PingPong/Core/Fanet/fanet.cpp:88:6:void fanet_loop()	8	static
