D:/stm32cube/Project1/SubGHz_Phy_PingPong/Core/Fanet/TimerObject.h:23:2:TimerObject::~TimerObject()	16	static
D:/stm32cube/Project1/SubGHz_Phy_PingPong/Core/Fanet/macaddr.h:22:2:MacAddr::MacAddr(int, int)	24	static
D:/stm32cube/Project1/SubGHz_Phy_PingPong/Core/Fanet/macaddr.h:23:2:MacAddr::MacAddr()	16	static
D:/stm32cube/Project1/SubGHz_Phy_PingPong/Core/Fanet/macaddr.h:24:2:MacAddr::MacAddr(const MacAddr&)	16	static
D:/stm32cube/Project1/SubGHz_Phy_PingPong/Core/Fanet/macaddr.h:26:14:bool MacAddr::operator==(const MacAddr&) const	16	static
D:/stm32cube/Project1/SubGHz_Phy_PingPong/Core/Fanet/macaddr.h:27:14:bool MacAddr::operator!=(const MacAddr&) const	16	static
D:/stm32cube/Project1/SubGHz_Phy_PingPong/Core/Fanet/frame.h:77:2:Frame::Frame(MacAddr)	16	static
D:/stm32cube/Project1/SubGHz_Phy_PingPong/Core/Fanet/frame.h:80:2:Frame::~Frame()	16	static
D:/stm32cube/Project1/SubGHz_Phy_PingPong/Core/Fanet/fmac.h:103:2:NeighborNode::NeighborNode(MacAddr, bool)	24	static
D:/stm32cube/Project1/SubGHz_Phy_PingPong/Core/Fanet/fmac.h:104:7:void NeighborNode::seen()	16	static
D:/stm32cube/Project1/SubGHz_Phy_PingPong/Core/Fanet/fmac.h:105:7:bool NeighborNode::isAround()	24	static
D:/stm32cube/Project1/SubGHz_Phy_PingPong/Core/Fanet/fmac.h:138:6:int MacFifo::size()	16	static
D:/stm32cube/Project1/SubGHz_Phy_PingPong/Core/Fanet/fmac.h:124:7:MacFifo::MacFifo()	16	static
D:/stm32cube/Project1/SubGHz_Phy_PingPong/Core/Fanet/fmac.h:124:7:MacFifo::~MacFifo()	16	static
D:/stm32cube/Project1/SubGHz_Phy_PingPong/Core/Fanet/fmac.h:172:2:FanetMac::FanetMac()	16	static
D:/stm32cube/Project1/SubGHz_Phy_PingPong/Core/Fanet/fmac.h:173:2:FanetMac::~FanetMac()	16	static
D:/stm32cube/Project1/SubGHz_Phy_PingPong/Core/Fanet/fmac.cpp:21:8:Frame* MacFifo::get_nexttx()	40	static,ignoring_inline_asm
D:/stm32cube/Project1/SubGHz_Phy_PingPong/Core/Fanet/fmac.cpp:40:8:Frame* MacFifo::frame_in_list(Frame*)	32	static,ignoring_inline_asm
D:/stm32cube/Project1/SubGHz_Phy_PingPong/Core/Fanet/fmac.cpp:62:8:Frame* MacFifo::front()	32	static,ignoring_inline_asm
D:/stm32cube/Project1/SubGHz_Phy_PingPong/Core/Fanet/fmac.cpp:74:5:int MacFifo::add(Frame*)	32	static,ignoring_inline_asm
D:/stm32cube/Project1/SubGHz_Phy_PingPong/Core/Fanet/fmac.cpp:118:6:bool MacFifo::remove_delete(Frame*)	40	static,ignoring_inline_asm
D:/stm32cube/Project1/SubGHz_Phy_PingPong/Core/Fanet/fmac.cpp:137:6:bool MacFifo::remove_delete_acked_frame(MacAddr)	48	static,ignoring_inline_asm
D:/stm32cube/Project1/SubGHz_Phy_PingPong/Core/Fanet/fmac.cpp:158:6:void FanetMac::frameReceived(int)	32	static
D:/stm32cube/Project1/SubGHz_Phy_PingPong/Core/Fanet/fmac.cpp:186:6:static void FanetMac::frameRxWrapper(int)	16	static
D:/stm32cube/Project1/SubGHz_Phy_PingPong/Core/Fanet/fmac.cpp:191:6:bool FanetMac::begin(Fapp&)	40	static
D:/stm32cube/Project1/SubGHz_Phy_PingPong/Core/Fanet/fmac.cpp:230:6:static void FanetMac::stateWrapper()	8	static
D:/stm32cube/Project1/SubGHz_Phy_PingPong/Core/Fanet/fmac.cpp:236:6:bool FanetMac::isNeighbor(MacAddr)	24	static
D:/stm32cube/Project1/SubGHz_Phy_PingPong/Core/Fanet/fmac.cpp:248:6:void FanetMac::ack(Frame*)	40	static
D:/stm32cube/Project1/SubGHz_Phy_PingPong/Core/Fanet/fmac.cpp:272:6:void FanetMac::handleRx()	88	static
D:/stm32cube/Project1/SubGHz_Phy_PingPong/Core/Fanet/fmac.cpp:389:6:void FanetMac::handleTx()	64	static
D:/stm32cube/Project1/SubGHz_Phy_PingPong/Core/Fanet/fmac.cpp:561:10:uint16_t FanetMac::numTrackingNeighbors()	32	static
D:/stm32cube/Project1/SubGHz_Phy_PingPong/Core/Fanet/fmac.cpp:571:9:MacAddr FanetMac::readAddr()	24	static
D:/stm32cube/Project1/SubGHz_Phy_PingPong/Core/Fanet/fmac.cpp:587:6:bool FanetMac::setAddr(MacAddr)	80	static
D:/stm32cube/Project1/SubGHz_Phy_PingPong/Core/Fanet/fmac.cpp:606:6:bool FanetMac::eraseAddr()	16	static
D:/stm32cube/Project1/SubGHz_Phy_PingPong/Core/Fanet/LinkedList.h:170:5:int LinkedList<T>::size() [with T = Frame*]	16	static
D:/stm32cube/Project1/SubGHz_Phy_PingPong/Core/Fanet/LinkedList.h:108:1:LinkedList<T>::LinkedList() [with T = Frame*]	16	static
D:/stm32cube/Project1/SubGHz_Phy_PingPong/Core/Fanet/LinkedList.h:121:1:LinkedList<T>::~LinkedList() [with T = Frame*]	24	static
D:/stm32cube/Project1/SubGHz_Phy_PingPong/Core/Fanet/LinkedList.h:108:1:LinkedList<T>::LinkedList() [with T = NeighborNode*]	16	static
D:/stm32cube/Project1/SubGHz_Phy_PingPong/Core/Fanet/LinkedList.h:121:1:LinkedList<T>::~LinkedList() [with T = NeighborNode*]	24	static
D:/stm32cube/Project1/SubGHz_Phy_PingPong/Core/Fanet/LinkedList.h:170:5:int LinkedList<T>::size() [with T = NeighborNode*]	16	static
D:/stm32cube/Project1/SubGHz_Phy_PingPong/Core/Fanet/LinkedList.h:319:3:T LinkedList<T>::get(int) [with T = Frame*]	24	static
D:/stm32cube/Project1/SubGHz_Phy_PingPong/Core/Fanet/LinkedList.h:272:3:T LinkedList<T>::shift() [with T = Frame*]	24	static
D:/stm32cube/Project1/SubGHz_Phy_PingPong/Core/Fanet/LinkedList.h:219:6:bool LinkedList<T>::unshift(T) [with T = Frame*]	24	static
D:/stm32cube/Project1/SubGHz_Phy_PingPong/Core/Fanet/LinkedList.h:196:6:bool LinkedList<T>::add(T) [with T = Frame*]	24	static
D:/stm32cube/Project1/SubGHz_Phy_PingPong/Core/Fanet/LinkedList.h:293:3:T LinkedList<T>::remove(int) [with T = Frame*]	32	static
D:/stm32cube/Project1/SubGHz_Phy_PingPong/Core/Fanet/LinkedList.h:319:3:T LinkedList<T>::get(int) [with T = NeighborNode*]	24	static
D:/stm32cube/Project1/SubGHz_Phy_PingPong/Core/Fanet/LinkedList.h:293:3:T LinkedList<T>::remove(int) [with T = NeighborNode*]	32	static
D:/stm32cube/Project1/SubGHz_Phy_PingPong/Core/Fanet/LinkedList.h:272:3:T LinkedList<T>::shift() [with T = NeighborNode*]	24	static
D:/stm32cube/Project1/SubGHz_Phy_PingPong/Core/Fanet/LinkedList.h:196:6:bool LinkedList<T>::add(T) [with T = NeighborNode*]	24	static
D:/stm32cube/Project1/SubGHz_Phy_PingPong/Core/Fanet/LinkedList.h:140:14:ListNode<T>* LinkedList<T>::getNode(int) [with T = Frame*]	24	static
D:/stm32cube/Project1/SubGHz_Phy_PingPong/Core/Fanet/LinkedList.h:246:3:T LinkedList<T>::pop() [with T = Frame*]	32	static
D:/stm32cube/Project1/SubGHz_Phy_PingPong/Core/Fanet/LinkedList.h:140:14:ListNode<T>* LinkedList<T>::getNode(int) [with T = NeighborNode*]	24	static
D:/stm32cube/Project1/SubGHz_Phy_PingPong/Core/Fanet/LinkedList.h:246:3:T LinkedList<T>::pop() [with T = NeighborNode*]	32	static
D:/stm32cube/Project1/SubGHz_Phy_PingPong/Core/Fanet/fmac.cpp:626:27:void __static_initialization_and_destruction_0(int, int)	16	static
D:/stm32cube/Project1/SubGHz_Phy_PingPong/Core/Fanet/LinkedList.h:175:6:bool LinkedList<T>::add(int, T) [with T = NeighborNode*]	32	static
D:/stm32cube/Project1/SubGHz_Phy_PingPong/Core/Fanet/LinkedList.h:219:6:bool LinkedList<T>::unshift(T) [with T = NeighborNode*]	24	static
D:/stm32cube/Project1/SubGHz_Phy_PingPong/Core/Fanet/LinkedList.h:236:6:bool LinkedList<T>::set(int, T) [with T = NeighborNode*]	24	static
D:/stm32cube/Project1/SubGHz_Phy_PingPong/Core/Fanet/LinkedList.h:326:6:void LinkedList<T>::clear() [with T = NeighborNode*]	16	static
D:/stm32cube/Project1/SubGHz_Phy_PingPong/Core/Fanet/LinkedList.h:332:6:void LinkedList<T>::sort(int (*)(T&, T&)) [with T = NeighborNode*]	40	static
D:/stm32cube/Project1/SubGHz_Phy_PingPong/Core/Fanet/LinkedList.h:175:6:bool LinkedList<T>::add(int, T) [with T = Frame*]	32	static
D:/stm32cube/Project1/SubGHz_Phy_PingPong/Core/Fanet/LinkedList.h:236:6:bool LinkedList<T>::set(int, T) [with T = Frame*]	24	static
D:/stm32cube/Project1/SubGHz_Phy_PingPong/Core/Fanet/LinkedList.h:326:6:void LinkedList<T>::clear() [with T = Frame*]	16	static
D:/stm32cube/Project1/SubGHz_Phy_PingPong/Core/Fanet/LinkedList.h:332:6:void LinkedList<T>::sort(int (*)(T&, T&)) [with T = Frame*]	40	static
D:/stm32cube/Project1/SubGHz_Phy_PingPong/Core/Fanet/LinkedList.h:392:14:ListNode<T>* LinkedList<T>::findEndOfSortedString(ListNode<T>*, int (*)(T&, T&)) [with T = NeighborNode*]	24	static
D:/stm32cube/Project1/SubGHz_Phy_PingPong/Core/Fanet/LinkedList.h:392:14:ListNode<T>* LinkedList<T>::findEndOfSortedString(ListNode<T>*, int (*)(T&, T&)) [with T = Frame*]	24	static
D:/stm32cube/Project1/SubGHz_Phy_PingPong/Core/Fanet/fmac.cpp:626:27:cpp)	8	static
D:/stm32cube/Project1/SubGHz_Phy_PingPong/Core/Fanet/fmac.cpp:626:27:cpp)	8	static
