D:/stm32cube/Project1/SubGHz_Phy_PingPong/Core/Fanet/macaddr.h:22:2:MacAddr::MacAddr(int, int)	24	static
D:/stm32cube/Project1/SubGHz_Phy_PingPong/Core/Fanet/macaddr.h:23:2:MacAddr::MacAddr()	16	static
D:/stm32cube/Project1/SubGHz_Phy_PingPong/Core/Fanet/macaddr.h:24:2:MacAddr::MacAddr(const MacAddr&)	16	static
D:/stm32cube/Project1/SubGHz_Phy_PingPong/Core/Fanet/macaddr.h:26:14:bool MacAddr::operator==(const MacAddr&) const	16	static
D:/stm32cube/Project1/SubGHz_Phy_PingPong/Core/Fanet/frame.h:77:2:Frame::Frame(MacAddr)	16	static
D:/stm32cube/Project1/SubGHz_Phy_PingPong/Core/Fanet/frame.h:80:2:Frame::~Frame()	16	static
D:/stm32cube/Project1/SubGHz_Phy_PingPong/Core/Fanet/fmac.h:138:6:int MacFifo::size()	16	static
D:/stm32cube/Project1/SubGHz_Phy_PingPong/Core/Fanet/fmac.h:179:7:bool FanetMac::txQueueHasFreeSlots()	16	static
D:/stm32cube/Project1/SubGHz_Phy_PingPong/Core/Fanet/fmac.h:180:6:int FanetMac::transmit(Frame*)	16	static
D:/stm32cube/Project1/SubGHz_Phy_PingPong/Core/Fanet/serial_interface.h:245:2:Serial_Interface::Serial_Interface()	16	static
D:/stm32cube/Project1/SubGHz_Phy_PingPong/Core/Fanet/serial_interface.cpp:40:6:void Serial_Interface::fanet_cmd_state(char*)	128	static
D:/stm32cube/Project1/SubGHz_Phy_PingPong/Core/Fanet/serial_interface.cpp:154:6:void Serial_Interface::fanet_cmd_addr(char*)	120	static
D:/stm32cube/Project1/SubGHz_Phy_PingPong/Core/Fanet/serial_interface.cpp:214:6:void Serial_Interface::fanet_cmd_config(char*)	112	static
D:/stm32cube/Project1/SubGHz_Phy_PingPong/Core/Fanet/serial_interface.cpp:269:6:void Serial_Interface::fanet_cmd_mode(char*)	96	static
D:/stm32cube/Project1/SubGHz_Phy_PingPong/Core/Fanet/serial_interface.cpp:305:6:void Serial_Interface::fanet_cmd_transmit(char*)	72	static
D:/stm32cube/Project1/SubGHz_Phy_PingPong/Core/Fanet/serial_interface.cpp:429:6:void Serial_Interface::fanet_eval(char*)	16	static
D:/stm32cube/Project1/SubGHz_Phy_PingPong/Core/Fanet/serial_interface.cpp:457:6:void Serial_Interface::dongle_cmd_version(char*)	80	static
D:/stm32cube/Project1/SubGHz_Phy_PingPong/Core/Fanet/serial_interface.cpp:467:6:void Serial_Interface::dongle_cmd_jump(char*)	16	static
D:/stm32cube/Project1/SubGHz_Phy_PingPong/Core/Fanet/serial_interface.cpp:477:6:void Serial_Interface::dongle_cmd_power(char*)	96	static
D:/stm32cube/Project1/SubGHz_Phy_PingPong/Core/Fanet/serial_interface.cpp:509:6:void Serial_Interface::dongle_cmd_region(char*)	32	static
D:/stm32cube/Project1/SubGHz_Phy_PingPong/Core/Fanet/serial_interface.cpp:574:6:void Serial_Interface::dongle_pps()	16	static
D:/stm32cube/Project1/SubGHz_Phy_PingPong/Core/Fanet/serial_interface.cpp:582:6:void Serial_Interface::dongle_eval(char*)	16	static
D:/stm32cube/Project1/SubGHz_Phy_PingPong/Core/Fanet/serial_interface.cpp:761:6:void Serial_Interface::handle_rx()	280	static
D:/stm32cube/Project1/SubGHz_Phy_PingPong/Core/Fanet/serial_interface.cpp:796:6:void Serial_Interface::begin(serial_t*)	16	static
D:/stm32cube/Project1/SubGHz_Phy_PingPong/Core/Fanet/serial_interface.cpp:805:6:void Serial_Interface::handle_acked(bool, MacAddr&)	96	static
D:/stm32cube/Project1/SubGHz_Phy_PingPong/Core/Fanet/serial_interface.cpp:815:6:void Serial_Interface::handle_frame(Frame*)	200	static
D:/stm32cube/Project1/SubGHz_Phy_PingPong/Core/Fanet/serial_interface.cpp:837:6:void Serial_Interface::print_line(const char*, int, const char*)	104	static
D:/stm32cube/Project1/SubGHz_Phy_PingPong/Core/Fanet/serial_interface.cpp:867:6:void Serial_Interface::print(char*)	24	static
D:/stm32cube/Project1/SubGHz_Phy_PingPong/Core/Fanet/LinkedList.h:170:5:int LinkedList<T>::size() [with T = Frame*]	16	static
D:/stm32cube/Project1/SubGHz_Phy_PingPong/Core/Fanet/serial_interface.cpp:876:49:void __static_initialization_and_destruction_0(int, int)	16	static
D:/stm32cube/Project1/SubGHz_Phy_PingPong/Core/Fanet/serial_interface.cpp:876:49:cpp)	8	static
